// Jest Snapshot v1, https://goo.gl/fbAQLP

exports[`renders correctly 1`] = `
Array [
  <View
    style={
      Array [
        Object {
          "alignItems": "center",
          "backgroundColor": "#fff",
          "flexBasis": 0,
          "flexGrow": 1,
          "flexShrink": 1,
          "justifyContent": "center",
        },
      ]
    }
  >
    <View
      style={
        Array [
          Object {
            "alignItems": "center",
            "flexBasis": 0,
            "flexGrow": 6,
            "flexShrink": 1,
            "justifyContent": "center",
          },
        ]
      }
    >
      <Text
        style={
          Array [
            Object {
              "color": "#202020",
              "fontSize": 48,
              "fontWeight": "bold",
              "marginBottom": 8,
              "marginLeft": 8,
              "marginRight": 8,
              "marginTop": 8,
            },
          ]
        }
      >
        Word2
      </Text>
    </View>
    <View
      flex={3}
      style={
        Array [
          Object {
            "flexBasis": 0,
            "flexGrow": 3,
            "flexShrink": 1,
          },
        ]
      }
    />
  </View>,
  <View
    accessible={true}
    focusable={true}
    isTVSelectable={true}
    onClick={[Function]}
    onResponderGrant={[Function]}
    onResponderMove={[Function]}
    onResponderRelease={[Function]}
    onResponderTerminate={[Function]}
    onResponderTerminationRequest={[Function]}
    onStartShouldSetResponder={[Function]}
    style={
      Object {
        "alignContent": "center",
        "backgroundColor": "#50b7ff",
        "borderRadius": 10,
        "bottom": 0,
        "flexBasis": 0,
        "flexGrow": 1,
        "flexShrink": 1,
        "height": 80,
        "justifyContent": "center",
        "left": 0,
        "opacity": 1,
        "position": "absolute",
        "right": 0,
      }
    }
  >
    <Text
      style={
        Array [
          Object {
            "color": "#fff",
            "fontSize": 18,
            "fontWeight": "bold",
            "textAlign": "center",
          },
        ]
      }
    >
      NEXT
    </Text>
  </View>,
]
`;
