// Jest Snapshot v1, https://goo.gl/fbAQLP

exports[`renders correctly 1`] = `
Array [
  <View
    style={
      Array [
        Object {
          "alignItems": "center",
          "backgroundColor": "#fff",
          "flexBasis": 0,
          "flexGrow": 1,
          "flexShrink": 1,
          "justifyContent": "space-between",
        },
      ]
    }
  >
    <Modal
      animationType="slide"
      hardwareAccelerated={false}
      onRequestClose={[Function]}
      transparent={true}
      visible={false}
    >
      <View
        style={
          Array [
            Object {
              "alignItems": "center",
              "backgroundColor": "#e8e8e8",
              "borderRadius": 20,
              "height": "25%",
              "justifyContent": "center",
              "marginBottom": "auto",
              "marginLeft": "auto",
              "marginRight": "auto",
              "marginTop": "auto",
              "paddingBottom": 8,
              "paddingLeft": 8,
              "paddingRight": 8,
              "paddingTop": 8,
              "width": "80%",
            },
          ]
        }
      >
        <Text
          style={
            Array [
              Object {
                "color": "#202020",
                "fontSize": 80,
              },
            ]
          }
        >
          Team  wins!
        </Text>
      </View>
    </Modal>
    <View
      style={
        Array [
          Object {
            "alignItems": "center",
            "flexBasis": 0,
            "flexGrow": 1,
            "flexShrink": 1,
            "justifyContent": "center",
          },
        ]
      }
    >
      <Text
        style={
          Array [
            Object {
              "color": "#202020",
              "fontSize": 96,
              "fontWeight": "bold",
              "marginBottom": 16,
              "marginLeft": 16,
              "marginRight": 16,
              "marginTop": 16,
            },
          ]
        }
      >
        Round 1
      </Text>
    </View>
    <View
      flex={1}
      style={
        Array [
          Object {
            "flexBasis": 0,
            "flexGrow": 1,
            "flexShrink": 1,
          },
        ]
      }
    />
    <View
      style={
        Array [
          Object {
            "alignItems": "center",
            "flexBasis": 0,
            "flexDirection": "row",
            "flexGrow": 1,
            "flexShrink": 1,
            "justifyContent": "space-between",
            "width": "80%",
          },
        ]
      }
    >
      <View
        accessible={true}
        focusable={true}
        isTVSelectable={true}
        onClick={[Function]}
        onResponderGrant={[Function]}
        onResponderMove={[Function]}
        onResponderRelease={[Function]}
        onResponderTerminate={[Function]}
        onResponderTerminationRequest={[Function]}
        onStartShouldSetResponder={[Function]}
        style={
          Object {
            "alignItems": "center",
            "backgroundColor": "#50b7ff",
            "borderRadius": 20,
            "flexBasis": 0,
            "flexGrow": 4,
            "flexShrink": 1,
            "height": 360,
            "justifyContent": "center",
            "opacity": 1,
            "paddingBottom": 8,
            "paddingLeft": 8,
            "paddingRight": 8,
            "paddingTop": 8,
            "width": "80%",
          }
        }
      >
        <Text
          style={
            Array [
              Object {
                "color": "#fff",
                "fontSize": 48,
                "fontWeight": "bold",
                "marginBottom": 16,
                "marginLeft": 16,
                "marginRight": 16,
                "marginTop": 16,
                "textAlign": "center",
              },
            ]
          }
        >
          A
        </Text>
        <View
          style={
            Array [
              Object {
                "alignItems": "center",
                "backgroundColor": "#fff",
                "borderRadius": 20,
                "flexBasis": 0,
                "flexGrow": 1,
                "flexShrink": 1,
                "justifyContent": "center",
                "marginBottom": 20,
                "marginLeft": 20,
                "marginRight": 20,
                "marginTop": 20,
                "width": "85%",
              },
            ]
          }
        >
          <Text
            style={
              Array [
                Object {
                  "color": "#202020",
                  "fontSize": 96,
                  "textAlign": "center",
                },
              ]
            }
          >
            0
          </Text>
        </View>
      </View>
      <View
        flex={1}
        style={
          Array [
            Object {
              "flexBasis": 0,
              "flexGrow": 1,
              "flexShrink": 1,
            },
          ]
        }
      />
      <View
        accessible={true}
        focusable={true}
        isTVSelectable={true}
        onClick={[Function]}
        onResponderGrant={[Function]}
        onResponderMove={[Function]}
        onResponderRelease={[Function]}
        onResponderTerminate={[Function]}
        onResponderTerminationRequest={[Function]}
        onStartShouldSetResponder={[Function]}
        style={
          Object {
            "alignItems": "center",
            "backgroundColor": "#50b7ff",
            "borderRadius": 20,
            "flexBasis": 0,
            "flexGrow": 4,
            "flexShrink": 1,
            "height": 360,
            "justifyContent": "center",
            "opacity": 1,
            "paddingBottom": 8,
            "paddingLeft": 8,
            "paddingRight": 8,
            "paddingTop": 8,
            "width": "80%",
          }
        }
      >
        <Text
          style={
            Array [
              Object {
                "color": "#fff",
                "fontSize": 48,
                "fontWeight": "bold",
                "marginBottom": 16,
                "marginLeft": 16,
                "marginRight": 16,
                "marginTop": 16,
                "textAlign": "center",
              },
            ]
          }
        >
          B
        </Text>
        <View
          style={
            Array [
              Object {
                "alignItems": "center",
                "backgroundColor": "#fff",
                "borderRadius": 20,
                "flexBasis": 0,
                "flexGrow": 1,
                "flexShrink": 1,
                "justifyContent": "center",
                "marginBottom": 20,
                "marginLeft": 20,
                "marginRight": 20,
                "marginTop": 20,
                "width": "85%",
              },
            ]
          }
        >
          <Text
            style={
              Array [
                Object {
                  "color": "#202020",
                  "fontSize": 96,
                  "textAlign": "center",
                },
              ]
            }
          >
            0
          </Text>
        </View>
      </View>
    </View>
    <View
      flex={3}
      style={
        Array [
          Object {
            "flexBasis": 0,
            "flexGrow": 3,
            "flexShrink": 1,
          },
        ]
      }
    />
  </View>,
  <View
    accessible={true}
    focusable={true}
    isTVSelectable={true}
    onClick={[Function]}
    onResponderGrant={[Function]}
    onResponderMove={[Function]}
    onResponderRelease={[Function]}
    onResponderTerminate={[Function]}
    onResponderTerminationRequest={[Function]}
    onStartShouldSetResponder={[Function]}
    style={
      Object {
        "alignContent": "center",
        "backgroundColor": "#50b7ff",
        "borderRadius": 0,
        "bottom": 0,
        "flexBasis": 0,
        "flexGrow": 1,
        "flexShrink": 1,
        "height": 150,
        "justifyContent": "center",
        "left": 0,
        "opacity": 1,
        "position": "absolute",
        "right": 0,
      }
    }
  >
    <Text
      style={
        Array [
          Object {
            "color": "#fff",
            "fontSize": 40,
            "fontWeight": "bold",
            "textAlign": "center",
          },
        ]
      }
    >
      START GAME
    </Text>
  </View>,
]
`;
