// Jest Snapshot v1, https://goo.gl/fbAQLP

exports[`renders correctly 1`] = `
<View
  style={
    Array [
      Object {
        "backgroundColor": "#fff",
        "flexBasis": 0,
        "flexGrow": 1,
        "flexShrink": 1,
      },
    ]
  }
>
  <RCTScrollView>
    <View>
      <View
        style={
          Array [
            Object {
              "alignItems": "stretch",
              "backgroundColor": "transparent",
              "height": 46,
            },
          ]
        }
      >
        <View
          accessible={true}
          focusable={true}
          isTVSelectable={true}
          onClick={[Function]}
          onResponderGrant={[Function]}
          onResponderMove={[Function]}
          onResponderRelease={[Function]}
          onResponderTerminate={[Function]}
          onResponderTerminationRequest={[Function]}
          onStartShouldSetResponder={[Function]}
          style={
            Object {
              "alignItems": "center",
              "flexBasis": 0,
              "flexDirection": "row",
              "flexGrow": 1,
              "flexShrink": 1,
              "opacity": 1,
              "paddingLeft": 15,
            }
          }
        >
          <View
            style={
              Array [
                Object {
                  "alignSelf": "center",
                  "flexBasis": 0,
                  "flexDirection": "row",
                  "flexGrow": 1,
                  "flexShrink": 1,
                  "justifyContent": "flex-start",
                },
              ]
            }
          >
            <Text
              allowFontScaling={false}
              style={
                Array [
                  Object {
                    "color": undefined,
                    "fontSize": 12,
                  },
                  Array [
                    Object {
                      "color": "#202020",
                      "fontSize": 20,
                      "marginRight": 12,
                    },
                  ],
                  Object {
                    "fontFamily": "FontAwesome5Free-Solid",
                    "fontStyle": "normal",
                    "fontWeight": "normal",
                  },
                  Object {
                    "fontWeight": "900",
                  },
                ]
              }
            >
              
            </Text>
            <Text
              numberOfLines={1}
              style={
                Array [
                  Object {
                    "color": "#202020",
                    "fontSize": 18,
                    "marginRight": 15,
                  },
                ]
              }
            >
              Language
            </Text>
          </View>
          <View
            style={
              Array [
                Object {
                  "marginRight": 12,
                },
              ]
            }
          >
            <Text
              style={
                Array [
                  Object {
                    "color": "#999",
                    "fontSize": 18,
                  },
                ]
              }
            >
              EN-US
            </Text>
          </View>
          <Text
            allowFontScaling={false}
            style={
              Array [
                Object {
                  "color": undefined,
                  "fontSize": 12,
                },
                Array [
                  Object {
                    "color": "#202020",
                    "fontSize": 18,
                    "marginRight": 12,
                  },
                ],
                Object {
                  "fontFamily": "FontAwesome5Free-Solid",
                  "fontStyle": "normal",
                  "fontWeight": "normal",
                },
                Object {
                  "fontWeight": "900",
                },
              ]
            }
          >
            
          </Text>
        </View>
      </View>
      <View
        style={
          Array [
            Object {
              "alignItems": "stretch",
              "backgroundColor": "transparent",
              "height": 46,
            },
          ]
        }
      >
        <View
          accessible={true}
          focusable={true}
          isTVSelectable={true}
          onClick={[Function]}
          onResponderGrant={[Function]}
          onResponderMove={[Function]}
          onResponderRelease={[Function]}
          onResponderTerminate={[Function]}
          onResponderTerminationRequest={[Function]}
          onStartShouldSetResponder={[Function]}
          style={
            Object {
              "alignItems": "center",
              "flexBasis": 0,
              "flexDirection": "row",
              "flexGrow": 1,
              "flexShrink": 1,
              "opacity": 1,
              "paddingLeft": 15,
            }
          }
        >
          <View
            style={
              Array [
                Object {
                  "alignSelf": "center",
                  "flexBasis": 0,
                  "flexDirection": "row",
                  "flexGrow": 1,
                  "flexShrink": 1,
                  "justifyContent": "flex-start",
                },
              ]
            }
          >
            <Text
              allowFontScaling={false}
              style={
                Array [
                  Object {
                    "color": undefined,
                    "fontSize": 12,
                  },
                  Array [
                    Object {
                      "color": "#202020",
                      "fontSize": 20,
                      "marginRight": 12,
                    },
                  ],
                  Object {
                    "fontFamily": "FontAwesome5Free-Regular",
                    "fontStyle": "normal",
                    "fontWeight": "normal",
                  },
                  Object {
                    "fontWeight": "400",
                  },
                ]
              }
            >
              
            </Text>
            <Text
              numberOfLines={1}
              style={
                Array [
                  Object {
                    "color": "#202020",
                    "fontSize": 18,
                    "marginRight": 15,
                  },
                ]
              }
            >
              Theme
            </Text>
          </View>
          <View
            style={
              Array [
                Object {
                  "marginRight": 12,
                },
              ]
            }
          >
            <Text
              style={
                Array [
                  Object {
                    "color": "#999",
                    "fontSize": 18,
                  },
                ]
              }
            >
              Light
            </Text>
          </View>
          <Text
            allowFontScaling={false}
            style={
              Array [
                Object {
                  "color": undefined,
                  "fontSize": 12,
                },
                Array [
                  Object {
                    "color": "#202020",
                    "fontSize": 18,
                    "marginRight": 12,
                  },
                ],
                Object {
                  "fontFamily": "FontAwesome5Free-Solid",
                  "fontStyle": "normal",
                  "fontWeight": "normal",
                },
                Object {
                  "fontWeight": "900",
                },
              ]
            }
          >
            
          </Text>
        </View>
      </View>
    </View>
  </RCTScrollView>
</View>
`;
